Using launch settings from C:\Repos\Coverage\Coverage\Properties\launchSettings.json...
RavenDB indexes created/updated from assembly: Coverage
info: MintPlayer.AspNetCore.SpaServices[0]
      Starting @angular/cli on port 65108...
info: MintPlayer.Spark.Cron.SparkCronScheduler[0]
      SparkCronScheduler starting 1 cron job loop(s): FinalizeBuildsCronJob
info: MintPlayer.Spark.Messaging.Services.MessageSubscriptionManager[0]
      MessageSubscriptionManager discovered 2 queue(s): coverage-parse-session, spark-github-all
info: MintPlayer.Spark.Messaging.Services.MessageSubscriptionManager[0]
      Starting subscription worker for queue 'coverage-parse-session'
info: MintPlayer.Spark.Messaging.Services.MessageSubscriptionManager[0]
      Starting subscription worker for queue 'spark-github-all'
info: MintPlayer.Spark.Cron.SparkCronScheduler[0]
      Cron job 'FinalizeBuildsCronJob' scheduled with minute-precision expression '* * * * *'; first run at 2026-08-07T12:53:00.0000000Z (UTC).
info: MintPlayer.Spark.Messaging.Services.MessageSubscriptionWorker[0]
      Subscription worker 'SparkMessaging-spark-github-all' started
info: MintPlayer.Spark.Messaging.Services.MessageSubscriptionWorker[0]
      Subscription worker 'SparkMessaging-coverage-parse-session' started
warn: Microsoft.AspNetCore.StaticFiles.StaticFileMiddleware[16]
      The WebRootPath was not found: C:\Repos\Coverage\Coverage\wwwroot. Static files may be unavailable.
info: Microsoft.Hosting.Lifetime[14]
      Now listening on: http://localhost:5201
info: Microsoft.Hosting.Lifetime[0]
      Application started. Press Ctrl+C to shut down.
info: Microsoft.Hosting.Lifetime[0]
      Hosting environment: Development
info: Microsoft.Hosting.Lifetime[0]
      Content root path: C:\Repos\Coverage\Coverage
info: MintPlayer.AspNetCore.SpaServices[0]
      > coverage-clientapp@0.0.0 start

info: MintPlayer.AspNetCore.SpaServices[0]
      > ng serve --port 65108

warn: Microsoft.AspNetCore.HttpsPolicy.HttpsRedirectionMiddleware[3]
      Failed to determine the https port for redirect.
info: Microsoft.Extensions.DependencyInjection.IdentityServiceCollectionExtensions+CompositeIdentityHandler[7]
      Identity.BearerAndApplication was not authenticated. Failure message: Unprotected token failed
Before the next middleware
info: Coverage.Controllers.UploadsController[0]
      Accepted upload for acme/demo@abc1234567890abcdef1234567890abcdef12345 run 43.1 session 7a9b9ec56ed0 (1 files)
After the next middleware
info: Microsoft.Extensions.DependencyInjection.IdentityServiceCollectionExtensions+CompositeIdentityHandler[7]
      Identity.BearerAndApplication was not authenticated. Failure message: Unprotected token failed
Before the next middleware
After the next middleware
info: Coverage.Ingestion.ParseSessionRecipient[0]
      Parsed sessions/7a9b9ec56ed0/0-e2e-lcov.info (lcov, 2 files) for Commits/999001/abc1234567890abcdef1234567890abcdef12345/builds/43-1
info: MintPlayer.Spark.Messaging.Services.MessageSubscriptionWorker[0]
      Message SparkMessages/487e6d3d-5230-480c-b0e2-c82370ed406b (queue: coverage-parse-session) processed successfully
info: MintPlayer.Spark.Cron.SparkCronScheduler[0]
      Running cron job 'FinalizeBuildsCronJob'.
info: MintPlayer.Spark.Cron.SparkCronScheduler[0]
      Cron job 'FinalizeBuildsCronJob' completed.
info: Microsoft.Extensions.DependencyInjection.IdentityServiceCollectionExtensions+CompositeIdentityHandler[7]
      Identity.BearerAndApplication was not authenticated. Failure message: Unprotected token failed
Before the next middleware
After the next middleware
